Found 100 ngrams:
               the love of god	12
      shalt love thy neighbour	8
              to love the lord	6
           shalt love the lord	5
               the love of the	4
           ye love one another	4
           to love one another	3
            the love of christ	3
           we love one another	2
             that love him and	2
            and love the other	2
            ye love them which	2
            that love thy name	2
         as love thy salvation	2
                 i love in the	2
              ye love the lord	2
             and love which is	2
             by love serve one	1
           people love to have	1
            that love the lord	1
             the love of thine	1
              my love they are	1
            thy love and faith	1
        to love their children	1
              but love ye your	1
              that love me and	1
              your love in the	1
            that love it shall	1
            and love them that	1
           in love dwelleth in	1
            thy love than wine	1
            they love him that	1
            which love thy law	1
              have love one to	1
             and love unto all	1
           to love their wives	1
         our love made perfect	1
               i love the lord	1
         his love is perfected	1
             the love that god	1
       i love them exceedingly	1
              man love not the	1
      inordinate love than she	1
       i love thy commandments	1
                for love is of	1
               my love be with	1
          we love the brethren	1
              the love of many	1
         either love or hatred	1
            thy love more than	1
            will love him most	1
              so love his wife	1
            thy love is better	1
               your love to us	1
          your love may abound	1
            that love our lord	1
             and love no false	1
             the love which ye	1
              i love my master	1
             they love to pray	1
         the love wherewith he	1
              he love god whom	1
          and love one another	1
        to love their husbands	1
                i love you not	1
                 in love to my	1
         but love covereth all	1
       and love salutations in	1
          tender love with the	1
       the love wherewith thou	1
            for love is strong	1
           let love be without	1
       great love wherewith he	1
               his love and in	1
              to love him with	1
           and love with faith	1
              i love them that	1
          also love those that	1
       should love one another	1
       that love his appearing	1
         unfeigned love of the	1
        i love thy testimonies	1
         to love his neighbour	1
              to love the name	1
             the love of women	1
             my love among the	1
             i love the father	1
      perfect love casteth out	1
           and love flagons of	1
        brotherly love ye need	1
              that love him be	1
             of love until the	1
               and love of god	1
            of love the father	1
              his love upon me	1
              which love to go	1
         also love one another	1
               that love us in	1
          we love the children	1
           i love thy precepts	1
